---------------------- LINE DICTIONARY -----------------------------------------------------
LineType  Diam     MassDenInAir    EA         CB   CIntDamp  Ca   Cdn    Cdt
(-)       (m)      (kg/m)         (N)        (-)   (Pa-s)    (-)  (-)    (-)
steel     0.0766  113.35         7.536e8     1.0    1.0E8    0.6 -1.0    0.05
---------------------- NODE PROPERTIES -----------------------------------------------------
Node      Type      X        Y         Z        M        V        FX       FY      FZ
(-)       (-)      (m)      (m)       (m)      (kg)     (m^3)    (kN)     (kN)    (kN)
1         Fix     725.38    418.8     -200     0        0        #        #       #
2         Vessel  35.39     20.43     -14.0     0        0        #        #       #
---------------------- LINE PROPERTIES -----------------------------------------------------
Line     LineType  UnstrLen   NodeAnch  NodeFair  Flags
(-)      (-)       (m)        (-)       (-)       (-)
1        steel     835.35      1         2        
---------------------- SOLVER OPTIONS-----------------------------------------
Option
(-)
repeat 120 240
ref_position 0 0 0
outer_fd
outer_tol 1e-12
inner_ftol 1e-12

 [[   70744.27        0.02        0.         49.03  -108144.48        1.52]
  [       0.09    70744.49       -0.02   108145.79       49.03       -0.65]
  [      -0.01        0.35    19075.61        0.28        0.05      -97.8 ]
  [      48.81   109882.86        5.45  5112438.42       -1.26       -0.16]
  [ -109881.29       48.99        0.06       -3.97  5112441.8        52.26]
  [       1.52       -0.69      -98.01       -0.16       -2.6   5720894.98]]
