---------------------- LINE DICTIONARY ---------------------------------------
LineType     Diam     MassDenInAir     EA        CB
(-)          (m)      (kg/m)           (N)      (-)
Material     0.127    116.027         1.5E9     1.0
---------------------- NODE PROPERTIES ---------------------------------------
Node Type     X     Y     Z     M     B     FX   FY   FZ
(-)  (-)     (m)   (m)   (m)   (kg)  (mˆ3) (kN) (kN) (kN)
1    fix      27   0     depth   0     0      #    #    #
2    Vessel   27   0    -47.89   0     0      #    #    #
3    fix      0   -27    depth   0     0      #    #    # 
4    Vessel   0   -27   -47.89   0     0      #    #    # 
---------------------- LINE PROPERTIES ---------------------------------------
Line    LineType  UnstrLen    NodeAnch  NodeFair  Flags
(-)      (-)       (m)         (-)       (-)       (-)
1       Material   151.73       1         2         
2       Material   151.73       3         4         
---------------------- SOLVER OPTIONS-----------------------------------------
Option
(-)   
repeat 90 180 270
inner_ftol 1e-6
inner_gtol 1e-12
inner_xtol 1e-6
outer_tol 1e-4
inner_max_its 400
outer_max_its 400
